// Jest Snapshot v1, https://goo.gl/fbAQLP

exports[`renders App 1`] = `<App />`;

exports[`renders learn react link 1`] = `<App />`;
